// Jest Snapshot v1, https://goo.gl/fbAQLP

exports[`Check Components Component SigninForm 1`] = `
<Form
  inline={false}
  onSubmit={[Function]}
>
  <Container
    fluid={false}
    style={
      Object {
        "marginBottom": "70px",
      }
    }
  >
    <Card
      body={false}
      bsPrefix="Signin"
      className="down-lg"
    >
      <CardHeader>
        <strong>
          Sign In
        </strong>
      </CardHeader>
      <CardBody>
        <div>
          <FormGroup
            controlId="formGroupLogin"
          >
            <FormLabel
              column={false}
              srOnly={false}
            >
              Login
            </FormLabel>
            <FormText
              className="text-muted"
            >
              Your login.
            </FormText>
            <FormControl
              name="login"
              onChange={[Function]}
              placeholder="Enter a login..."
              required={true}
              type="text"
              value=""
            />
          </FormGroup>
          <FormGroup
            controlId="formGroupPassword"
          >
            <FormLabel
              column={false}
              srOnly={false}
            >
              Password
            </FormLabel>
            <FormText
              className="text-muted"
            >
              Your password.
            </FormText>
            <FormControl
              name="password"
              onChange={[Function]}
              placeholder="Enter a password..."
              required={true}
              type="password"
              value=""
            />
          </FormGroup>
        </div>
      </CardBody>
    </Card>
    <div
      className="float-right"
    >
      <Button
        active={false}
        color="primary"
        disabled={false}
        type="submit"
        variant="primary"
      >
        Login
      </Button>
    </div>
  </Container>
</Form>
`;
