// Jest Snapshot v1, https://goo.gl/fbAQLP

exports[`Check Components Component ArtworkSuggestForm 1`] = `
<Form
  inline={false}
  onSubmit={[Function]}
>
  <Container
    fluid={false}
    style={
      Object {
        "marginBottom": "70px",
      }
    }
  >
    <Card
      body={false}
      bsPrefix="Suggest"
      className="down-lg"
    >
      <CardHeader>
        <strong>
          Suggest
        </strong>
      </CardHeader>
      <CardBody>
        <p>
          Fill in the form below. If appoved, your suggested place will appear on this map!
        </p>
        <div
          className="down-lg"
        >
          <FormGroup
            controlId="formGroupName"
          >
            <FormLabel
              column={false}
              srOnly={false}
            >
              Name
            </FormLabel>
            <FormText
              className="text-muted"
            >
              Your name.
            </FormText>
            <FormControl
              name="userName"
              onChange={[Function]}
              placeholder="Enter a name..."
              required={true}
              type="text"
              value=""
            />
          </FormGroup>
          <FormGroup
            controlId="formGroupAddress"
          >
            <FormLabel
              column={false}
              srOnly={false}
            >
              Address
            </FormLabel>
            <FormText
              className="text-muted"
            >
              Address of the artwork.
            </FormText>
            <FormControl
              name="adressStreet"
              onChange={[Function]}
              placeholder="Enter a street address..."
              required={true}
              type="text"
              value=""
            />
          </FormGroup>
          <FormRow>
            <FormGroup
              controlId="formGroupZipCode"
              id="input-zipcode"
            >
              <FormControl
                name="zipCode"
                onChange={[Function]}
                placeholder="Enter a zip code..."
                required={true}
                type="text"
                value=""
              />
            </FormGroup>
            <FormGroup
              controlId="formGroupCity"
            >
              <FormControl
                name="city"
                onChange={[Function]}
                placeholder="Enter a city..."
                required={true}
                type="text"
                value=""
              />
            </FormGroup>
          </FormRow>
          <FormGroup
            controlId="formGroupDescription"
          >
            <FormLabel
              column={false}
              srOnly={false}
            >
              Description
            </FormLabel>
            <FormText
              className="text-muted"
            >
              Description of the artwork.
            </FormText>
            <FormControl
              as="textarea"
              name="description"
              onChange={[Function]}
              placeholder="Enter a description..."
              required={true}
              rows="3"
              value=""
            />
          </FormGroup>
          <FormGroup
            controlId="formGroupImage"
          >
            <FormLabel
              column={false}
              srOnly={false}
            >
              Image
            </FormLabel>
            <FormText
              className="text-muted"
            >
              Image of the artwork.
            </FormText>
            <input
              accept="image/*"
              name="myFile"
              onChange={[Function]}
              required={true}
              type="file"
            />
          </FormGroup>
        </div>
      </CardBody>
    </Card>
    <div
      className="float-right"
    >
      <Button
        active={false}
        disabled={false}
        type="submit"
        variant="primary"
      >
        Suggest
      </Button>
    </div>
  </Container>
</Form>
`;
